// Jest Snapshot v1, https://goo.gl/fbAQLP

exports[`Counter.vue snapshot testing Snapshots should remain unchanged 1`] = `<div class="counter-container"><button>-</button> <span>1</span> <button>+</button></div>`;
